<?php return array (
  0 => 'Symfony\\Bundle\\FrameworkBundle\\Controller\\AbstractController',
  1 => 'App\\Controller\\AdminController',
  2 => 'App\\Controller\\BedListController',
  3 => 'App\\Controller\\DefaultController',
  4 => 'App\\Controller\\HomepageController',
  5 => 'App\\Controller\\IndexRDVController',
  6 => 'App\\Controller\\MedecinController',
  7 => 'App\\Controller\\MedecinListController',
  8 => 'App\\Controller\\PatientController',
  9 => 'App\\Controller\\RDVListController',
  10 => 'App\\Controller\\RegistrationController',
  11 => 'App\\Controller\\SecuriteController',
  12 => 'App\\Controller\\SejourController',
  13 => 'App\\Controller\\ServiceController',
  14 => 'App\\Entity\\Chambre',
  15 => 'App\\Entity\\Lit',
  16 => 'App\\Entity\\Medecin',
  17 => 'App\\Entity\\Patient',
  18 => 'App\\Entity\\RendezVous',
  19 => 'App\\Entity\\Service',
  20 => 'App\\Entity\\User',
  21 => 'Doctrine\\Bundle\\DoctrineBundle\\Controller\\ProfilerController',
  22 => 'Doctrine\\ORM\\Cache\\Persister\\Entity\\AbstractEntityPersister',
  23 => 'Doctrine\\ORM\\Cache\\Persister\\Entity\\CachedEntityPersister',
  24 => 'Doctrine\\ORM\\Cache\\Persister\\Entity\\NonStrictReadWriteCachedEntityPersister',
  25 => 'Doctrine\\ORM\\Cache\\Persister\\Entity\\ReadOnlyCachedEntityPersister',
  26 => 'Doctrine\\ORM\\Cache\\Persister\\Entity\\ReadWriteCachedEntityPersister',
  27 => 'Doctrine\\ORM\\Persisters\\Entity\\AbstractEntityInheritancePersister',
  28 => 'Doctrine\\ORM\\Persisters\\Entity\\BasicEntityPersister',
  29 => 'Doctrine\\ORM\\Persisters\\Entity\\CachedPersisterContext',
  30 => 'Doctrine\\ORM\\Persisters\\Entity\\EntityPersister',
  31 => 'Doctrine\\ORM\\Persisters\\Entity\\JoinedSubclassPersister',
  32 => 'Doctrine\\ORM\\Persisters\\Entity\\SingleTablePersister',
  34 => 'Symfony\\Bundle\\FrameworkBundle\\Controller\\ControllerResolver',
  35 => 'Symfony\\Bundle\\FrameworkBundle\\Controller\\RedirectController',
  36 => 'Symfony\\Bundle\\FrameworkBundle\\Controller\\TemplateController',
  37 => 'Symfony\\Bundle\\WebProfilerBundle\\Controller\\ExceptionPanelController',
  38 => 'Symfony\\Bundle\\WebProfilerBundle\\Controller\\ProfilerController',
  39 => 'Symfony\\Bundle\\WebProfilerBundle\\Controller\\RouterController',
  40 => 'Symfony\\Component\\HttpKernel\\Controller\\ArgumentResolver',
  41 => 'Symfony\\Component\\HttpKernel\\Controller\\ArgumentResolverInterface',
  42 => 'Symfony\\Component\\HttpKernel\\Controller\\ArgumentResolver\\DefaultValueResolver',
  43 => 'Symfony\\Component\\HttpKernel\\Controller\\ArgumentResolver\\NotTaggedControllerValueResolver',
  44 => 'Symfony\\Component\\HttpKernel\\Controller\\ArgumentResolver\\RequestAttributeValueResolver',
  45 => 'Symfony\\Component\\HttpKernel\\Controller\\ArgumentResolver\\RequestValueResolver',
  46 => 'Symfony\\Component\\HttpKernel\\Controller\\ArgumentResolver\\ServiceValueResolver',
  47 => 'Symfony\\Component\\HttpKernel\\Controller\\ArgumentResolver\\SessionValueResolver',
  48 => 'Symfony\\Component\\HttpKernel\\Controller\\ArgumentResolver\\TraceableValueResolver',
  49 => 'Symfony\\Component\\HttpKernel\\Controller\\ArgumentResolver\\VariadicValueResolver',
  50 => 'Symfony\\Component\\HttpKernel\\Controller\\ArgumentValueResolverInterface',
  51 => 'Symfony\\Component\\HttpKernel\\Controller\\ContainerControllerResolver',
  52 => 'Symfony\\Component\\HttpKernel\\Controller\\ControllerReference',
  53 => 'Symfony\\Component\\HttpKernel\\Controller\\ControllerResolver',
  54 => 'Symfony\\Component\\HttpKernel\\Controller\\ControllerResolverInterface',
  55 => 'Symfony\\Component\\HttpKernel\\Controller\\ErrorController',
  56 => 'Symfony\\Component\\HttpKernel\\Controller\\TraceableArgumentResolver',
  57 => 'Symfony\\Component\\HttpKernel\\Controller\\TraceableControllerResolver',
  58 => 'Symfony\\Component\\Security\\Http\\Controller\\UserValueResolver',
);